Starting a Gradle Daemon (subsequent builds will be faster)
Warning: SDK processing. This version only understands SDK XML versions up to 3 but an SDK XML file of version 4 was encountered. This can happen if you use versions of Android Studio and the command-line tools that were released at different times.
> Task :checkKotlinGradlePluginConfigurationErrors
> Task :preBuild UP-TO-DATE
> Task :preDebugBuild UP-TO-DATE
> Task :generateDebugResValues UP-TO-DATE
> Task :generateDebugResources UP-TO-DATE
> Task :packageDebugResources
> Task :parseDebugLocalResources UP-TO-DATE
> Task :generateDebugRFile UP-TO-DATE
> Task :javaPreCompileDebug UP-TO-DATE
> Task :preDebugUnitTestBuild UP-TO-DATE
> Task :generateDebugUnitTestStubRFile UP-TO-DATE
> Task :javaPreCompileDebugUnitTest UP-TO-DATE
> Task :preReleaseBuild UP-TO-DATE
> Task :generateReleaseResValues UP-TO-DATE
> Task :generateReleaseResources UP-TO-DATE
> Task :packageReleaseResources
> Task :parseReleaseLocalResources UP-TO-DATE
> Task :generateReleaseRFile UP-TO-DATE
> Task :javaPreCompileRelease UP-TO-DATE
> Task :preReleaseUnitTestBuild UP-TO-DATE
> Task :generateReleaseUnitTestStubRFile UP-TO-DATE
> Task :javaPreCompileReleaseUnitTest UP-TO-DATE
> Task :compileDebugKotlin
> Task :compileReleaseKotlin
> Task :compileDebugJavaWithJavac NO-SOURCE
> Task :processDebugJavaRes
> Task :compileReleaseJavaWithJavac NO-SOURCE
> Task :processReleaseJavaRes
> Task :bundleLibRuntimeToJarDebug
> Task :bundleLibCompileToJarDebug
> Task :bundleLibRuntimeToJarRelease
> Task :bundleLibCompileToJarRelease
> Task :compileReleaseUnitTestKotlin
> Task :compileReleaseUnitTestJavaWithJavac NO-SOURCE
> Task :processReleaseUnitTestJavaRes
> Task :compileDebugUnitTestKotlin
> Task :testReleaseUnitTest
> Task :compileDebugUnitTestJavaWithJavac NO-SOURCE
> Task :processDebugUnitTestJavaRes
> Task :testDebugUnitTest
> Task :test

[Incubating] Problems report is available at: file:///Users/awitas/go/src/github.com/viant/agently-core-v1/sdk/android/build/reports/problems/problems-report.html

Deprecated Gradle features were used in this build, making it incompatible with Gradle 10.

You can use '--warning-mode all' to show the individual deprecation warnings and determine if they come from your own scripts or plugins.

For more on this, please refer to https://docs.gradle.org/9.4.1/userguide/command_line_interface.html#sec:command_line_warnings in the Gradle documentation.

BUILD SUCCESSFUL in 42s
31 actionable tasks: 17 executed, 14 up-to-date
Consider enabling configuration cache to speed up this build: https://docs.gradle.org/9.4.1/userguide/configuration_cache_enabling.html
