Starting a Gradle Daemon, 1 incompatible Daemon could not be reused, use --status for details
Warning: SDK processing. This version only understands SDK XML versions up to 3 but an SDK XML file of version 4 was encountered. This can happen if you use versions of Android Studio and the command-line tools that were released at different times.
> Task :agently-core-sdk:checkKotlinGradlePluginConfigurationErrors
> Task :agently-core-sdk:preBuild UP-TO-DATE
> Task :agently-core-sdk:preDebugBuild UP-TO-DATE
> Task :agently-core-sdk:generateDebugResValues
> Task :agently-core-sdk:generateDebugResources
> Task :agently-core-sdk:packageDebugResources
> Task :agently-core-sdk:preDebugUnitTestBuild UP-TO-DATE
> Task :agently-core-sdk:preReleaseBuild UP-TO-DATE
> Task :agently-core-sdk:javaPreCompileDebug
> Task :agently-core-sdk:javaPreCompileDebugUnitTest
> Task :agently-core-sdk:generateReleaseResValues
> Task :agently-core-sdk:generateReleaseResources
> Task :agently-core-sdk:packageReleaseResources
> Task :agently-core-sdk:preReleaseUnitTestBuild UP-TO-DATE
> Task :agently-core-sdk:javaPreCompileRelease
> Task :app:checkKotlinGradlePluginConfigurationErrors
> Task :app:preBuild UP-TO-DATE
> Task :app:preDebugBuild UP-TO-DATE
> Task :agently-core-sdk:javaPreCompileReleaseUnitTest
> Task :agently-core-sdk:parseDebugLocalResources
> Task :agently-core-sdk:parseReleaseLocalResources
> Task :app:generateDebugBuildConfig
> Task :forge-sdk:preBuild UP-TO-DATE
> Task :agently-core-sdk:compileDebugLibraryResources
> Task :forge-sdk:preDebugBuild UP-TO-DATE
> Task :forge-sdk:writeDebugAarMetadata UP-TO-DATE
> Task :app:generateDebugResValues UP-TO-DATE
> Task :forge-sdk:generateDebugResValues UP-TO-DATE
> Task :agently-core-sdk:writeDebugAarMetadata
> Task :agently-core-sdk:generateReleaseRFile
> Task :agently-core-sdk:generateDebugRFile
> Task :forge-sdk:generateDebugResources UP-TO-DATE
> Task :agently-core-sdk:generateDebugUnitTestStubRFile
> Task :agently-core-sdk:generateReleaseUnitTestStubRFile
> Task :app:checkDebugAarMetadata UP-TO-DATE
> Task :forge-sdk:packageDebugResources UP-TO-DATE
> Task :app:mapDebugSourceSetPaths UP-TO-DATE
> Task :app:generateDebugResources UP-TO-DATE
> Task :app:mergeDebugResources UP-TO-DATE
> Task :app:packageDebugResources UP-TO-DATE
> Task :app:parseDebugLocalResources UP-TO-DATE
> Task :app:createDebugCompatibleScreenManifests
> Task :agently-core-sdk:extractDeepLinksDebug
> Task :app:extractDeepLinksDebug UP-TO-DATE
> Task :forge-sdk:extractDeepLinksDebug UP-TO-DATE
> Task :forge-sdk:processDebugManifest UP-TO-DATE
> Task :forge-sdk:compileDebugLibraryResources UP-TO-DATE
> Task :forge-sdk:parseDebugLocalResources UP-TO-DATE
> Task :forge-sdk:generateDebugRFile UP-TO-DATE
> Task :forge-sdk:checkKotlinGradlePluginConfigurationErrors
> Task :agently-core-sdk:processDebugManifest
> Task :forge-sdk:compileDebugKotlin UP-TO-DATE
> Task :app:processDebugMainManifest
> Task :app:processDebugManifest
> Task :forge-sdk:javaPreCompileDebug UP-TO-DATE
> Task :forge-sdk:compileDebugJavaWithJavac NO-SOURCE
> Task :forge-sdk:bundleLibCompileToJarDebug UP-TO-DATE
> Task :app:javaPreCompileDebug UP-TO-DATE
> Task :app:preDebugUnitTestBuild UP-TO-DATE
> Task :app:javaPreCompileDebugUnitTest UP-TO-DATE
> Task :forge-sdk:bundleLibRuntimeToJarDebug UP-TO-DATE
> Task :forge-sdk:processDebugJavaRes UP-TO-DATE
> Task :app:buildKotlinToolingMetadata
> Task :app:preReleaseBuild UP-TO-DATE
> Task :app:generateReleaseBuildConfig
> Task :agently-core-sdk:compileReleaseLibraryResources
> Task :forge-sdk:preReleaseBuild UP-TO-DATE
> Task :agently-core-sdk:writeReleaseAarMetadata
> Task :forge-sdk:writeReleaseAarMetadata
> Task :app:generateReleaseResValues
> Task :forge-sdk:generateReleaseResValues
> Task :forge-sdk:generateReleaseResources
> Task :forge-sdk:packageReleaseResources
> Task :app:checkReleaseAarMetadata
> Task :app:mapReleaseSourceSetPaths
> Task :app:generateReleaseResources
> Task :app:packageReleaseResources
> Task :app:createReleaseCompatibleScreenManifests
> Task :agently-core-sdk:extractDeepLinksRelease
> Task :app:extractDeepLinksRelease
> Task :forge-sdk:extractDeepLinksRelease
> Task :app:processDebugManifestForPackage
> Task :forge-sdk:processReleaseManifest
> Task :app:parseReleaseLocalResources
> Task :agently-core-sdk:processReleaseManifest
> Task :app:processReleaseMainManifest
> Task :app:processReleaseManifest
> Task :forge-sdk:compileReleaseLibraryResources
> Task :app:processReleaseManifestForPackage
> Task :forge-sdk:parseReleaseLocalResources
> Task :forge-sdk:javaPreCompileRelease
> Task :app:javaPreCompileRelease
> Task :app:preReleaseUnitTestBuild UP-TO-DATE
> Task :forge-sdk:preDebugUnitTestBuild UP-TO-DATE
> Task :app:javaPreCompileReleaseUnitTest
> Task :forge-sdk:generateReleaseRFile
> Task :forge-sdk:generateDebugUnitTestStubRFile UP-TO-DATE
> Task :forge-sdk:compileDebugUnitTestKotlin UP-TO-DATE
> Task :forge-sdk:javaPreCompileDebugUnitTest UP-TO-DATE
> Task :forge-sdk:compileDebugUnitTestJavaWithJavac NO-SOURCE
> Task :forge-sdk:processDebugUnitTestJavaRes UP-TO-DATE
> Task :app:mergeReleaseResources
> Task :forge-sdk:testDebugUnitTest UP-TO-DATE
> Task :forge-sdk:preReleaseUnitTestBuild UP-TO-DATE
> Task :forge-sdk:javaPreCompileReleaseUnitTest
> Task :forge-sdk:generateReleaseUnitTestStubRFile
> Task :app:processDebugResources
> Task :app:processReleaseResources
> Task :agently-core-sdk:compileReleaseKotlin
> Task :agently-core-sdk:compileReleaseJavaWithJavac NO-SOURCE
> Task :agently-core-sdk:compileDebugKotlin
> Task :agently-core-sdk:processReleaseJavaRes
> Task :agently-core-sdk:compileDebugJavaWithJavac NO-SOURCE
> Task :agently-core-sdk:processDebugJavaRes
> Task :agently-core-sdk:bundleLibRuntimeToJarRelease
> Task :agently-core-sdk:bundleLibCompileToJarRelease
> Task :agently-core-sdk:bundleLibCompileToJarDebug
> Task :agently-core-sdk:bundleLibRuntimeToJarDebug
> Task :forge-sdk:compileReleaseKotlin
> Task :agently-core-sdk:compileDebugUnitTestKotlin
> Task :agently-core-sdk:compileDebugUnitTestJavaWithJavac NO-SOURCE
> Task :agently-core-sdk:processDebugUnitTestJavaRes
> Task :agently-core-sdk:compileReleaseUnitTestKotlin
> Task :agently-core-sdk:testDebugUnitTest
> Task :agently-core-sdk:compileReleaseUnitTestJavaWithJavac NO-SOURCE
> Task :agently-core-sdk:processReleaseUnitTestJavaRes
> Task :agently-core-sdk:testReleaseUnitTest
> Task :agently-core-sdk:test
> Task :app:compileDebugKotlin

> Task :forge-sdk:compileReleaseKotlin
w: file:///Users/awitas/go/src/github.com/viant/forge/android/sdk/src/main/java/com/viant/forgeandroid/runtime/ClientFilterRuntime.kt:36:44 Name shadowed: value
w: file:///Users/awitas/go/src/github.com/viant/forge/android/sdk/src/main/java/com/viant/forgeandroid/runtime/DashboardRuntime.kt:475:31 Unnecessary safe call on a non-null receiver of type JsonObject
w: file:///Users/awitas/go/src/github.com/viant/forge/android/sdk/src/main/java/com/viant/forgeandroid/runtime/DashboardRuntime.kt:479:45 Unnecessary safe call on a non-null receiver of type JsonObject
w: file:///Users/awitas/go/src/github.com/viant/forge/android/sdk/src/main/java/com/viant/forgeandroid/runtime/DataSourceRuntime.kt:559:89 Unchecked cast: Any? to List<Map<String, Any?>>
w: file:///Users/awitas/go/src/github.com/viant/forge/android/sdk/src/main/java/com/viant/forgeandroid/runtime/FeedDraftRuntime.kt:107:56 Unchecked cast: Any? to MutableMap<String, Any?>
w: file:///Users/awitas/go/src/github.com/viant/forge/android/sdk/src/main/java/com/viant/forgeandroid/runtime/FeedDraftRuntime.kt:108:55 Unchecked cast: Any? to MutableList<Any?>
w: file:///Users/awitas/go/src/github.com/viant/forge/android/sdk/src/main/java/com/viant/forgeandroid/runtime/FeedDraftRuntime.kt:114:40 Unchecked cast: Any? to MutableMap<String, Any?>
w: file:///Users/awitas/go/src/github.com/viant/forge/android/sdk/src/main/java/com/viant/forgeandroid/runtime/FeedDraftRuntime.kt:115:38 Unchecked cast: Any? to MutableList<Any?>
w: file:///Users/awitas/go/src/github.com/viant/forge/android/sdk/src/main/java/com/viant/forgeandroid/runtime/ForgeRuntime.kt:357:42 Parameter 'source' is never used
w: file:///Users/awitas/go/src/github.com/viant/forge/android/sdk/src/main/java/com/viant/forgeandroid/runtime/ReportBuilderOptions.kt:65:100 There is more than one label with such a name in this scope
w: file:///Users/awitas/go/src/github.com/viant/forge/android/sdk/src/main/java/com/viant/forgeandroid/runtime/ResourceModelRuntime.kt:24:48 Conditional branch result of type List<Map<String, Any?>> is implicitly cast to Any
w: file:///Users/awitas/go/src/github.com/viant/forge/android/sdk/src/main/java/com/viant/forgeandroid/runtime/ResourceModelRuntime.kt:24:120 Conditional branch result of type Map<String, Any?> is implicitly cast to Any
w: file:///Users/awitas/go/src/github.com/viant/forge/android/sdk/src/main/java/com/viant/forgeandroid/ui/ContainerRenderer.kt:340:44 Unnecessary safe call on a non-null receiver of type DataStateBoundarySpec?
w: file:///Users/awitas/go/src/github.com/viant/forge/android/sdk/src/main/java/com/viant/forgeandroid/ui/ContainerRenderer.kt:410:40 Condition 'container.stableTabs != null' is always 'false'
w: file:///Users/awitas/go/src/github.com/viant/forge/android/sdk/src/main/java/com/viant/forgeandroid/ui/ContainerRenderer.kt:425:34 Unnecessary safe call on a non-null receiver of type String
w: file:///Users/awitas/go/src/github.com/viant/forge/android/sdk/src/main/java/com/viant/forgeandroid/ui/ContainerRenderer.kt:528:17 Variable 'menuListBaseContext' is never used
w: file:///Users/awitas/go/src/github.com/viant/forge/android/sdk/src/main/java/com/viant/forgeandroid/ui/DashboardRenderer.kt:230:76 Unnecessary safe call on a non-null receiver of type String?
w: file:///Users/awitas/go/src/github.com/viant/forge/android/sdk/src/main/java/com/viant/forgeandroid/ui/DashboardRenderer.kt:1924:38 Unnecessary safe call on a non-null receiver of type DashboardFieldDef?
w: file:///Users/awitas/go/src/github.com/viant/forge/android/sdk/src/main/java/com/viant/forgeandroid/ui/DashboardRenderer.kt:1958:70 Unnecessary safe call on a non-null receiver of type DashboardFieldDef?
w: file:///Users/awitas/go/src/github.com/viant/forge/android/sdk/src/main/java/com/viant/forgeandroid/ui/DashboardRenderer.kt:2007:78 Unnecessary safe call on a non-null receiver of type DashboardFieldDef?
w: file:///Users/awitas/go/src/github.com/viant/forge/android/sdk/src/main/java/com/viant/forgeandroid/ui/DashboardRenderer.kt:2219:49 Unnecessary safe call on a non-null receiver of type DashboardFieldDef?
w: file:///Users/awitas/go/src/github.com/viant/forge/android/sdk/src/main/java/com/viant/forgeandroid/ui/DashboardRenderer.kt:3995:90 Parameter 'index' is never used
w: file:///Users/awitas/go/src/github.com/viant/forge/android/sdk/src/main/java/com/viant/forgeandroid/ui/FormRenderer.kt:812:5 Parameter 'item' is never used
w: file:///Users/awitas/go/src/github.com/viant/forge/android/sdk/src/main/java/com/viant/forgeandroid/ui/MasterDetailRenderer.kt:51:30 Unnecessary safe call on a non-null receiver of type String?
w: file:///Users/awitas/go/src/github.com/viant/forge/android/sdk/src/main/java/com/viant/forgeandroid/ui/MasterDetailRenderer.kt:55:36 Elvis operator (?:) always returns the left operand of non-nullable type Map<String, Any?>?
w: file:///Users/awitas/go/src/github.com/viant/forge/android/sdk/src/main/java/com/viant/forgeandroid/ui/NativeWidgetView.kt:156:45 'LinearProgressIndicator(Float, Modifier = ..., Color = ..., Color = ..., StrokeCap = ...): Unit' is deprecated. Use the overload that takes `progress` as a lambda
w: file:///Users/awitas/go/src/github.com/viant/forge/android/sdk/src/main/java/com/viant/forgeandroid/ui/TabsRenderer.kt:337:23 Unnecessary safe call on a non-null receiver of type TabsDef?

> Task :forge-sdk:compileReleaseJavaWithJavac NO-SOURCE
> Task :forge-sdk:processReleaseJavaRes
> Task :forge-sdk:bundleLibRuntimeToJarRelease
> Task :forge-sdk:bundleLibCompileToJarRelease

> Task :app:compileDebugKotlin
w: file:///Users/awitas/go/src/github.com/viant/agently/android/app/src/main/java/com/viant/agently/android/ExecutionInspectorSection.kt:45:48 Unnecessary safe call on a non-null receiver of type ConversationStateResponse?
w: file:///Users/awitas/go/src/github.com/viant/agently/android/app/src/main/java/com/viant/agently/android/PhoneWorkspaceScreen.kt:82:5 Parameter 'openingConversationId' is never used
w: file:///Users/awitas/go/src/github.com/viant/agently/android/app/src/main/java/com/viant/agently/android/PhoneWorkspaceScreen.kt:95:5 Parameter 'onRefresh' is never used
w: file:///Users/awitas/go/src/github.com/viant/agently/android/app/src/main/java/com/viant/agently/android/PhoneWorkspaceScreen.kt:101:5 Parameter 'onSelectConversation' is never used
w: file:///Users/awitas/go/src/github.com/viant/agently/android/app/src/main/java/com/viant/agently/android/WorkspaceScreen.kt:81:5 Parameter 'payloadPreviews' is never used

> Task :app:compileDebugJavaWithJavac
> Task :app:processDebugJavaRes UP-TO-DATE
> Task :app:bundleDebugClassesToRuntimeJar
> Task :app:bundleDebugClassesToCompileJar

> Task :app:compileDebugUnitTestKotlin
w: file:///Users/awitas/go/src/github.com/viant/agently/android/app/src/test/java/com/viant/agently/android/FeedRuntimeTest.kt:411:40 Unnecessary safe call on a non-null receiver of type Map<String, DataSourceDef>
w: file:///Users/awitas/go/src/github.com/viant/agently/android/app/src/test/java/com/viant/agently/android/FeedRuntimeTest.kt:426:84 Unnecessary safe call on a non-null receiver of type Map<String, DataSourceDef>
w: file:///Users/awitas/go/src/github.com/viant/agently/android/app/src/test/java/com/viant/agently/android/FeedRuntimeTest.kt:427:85 Unnecessary safe call on a non-null receiver of type Map<String, DataSourceDef>
w: file:///Users/awitas/go/src/github.com/viant/agently/android/app/src/test/java/com/viant/agently/android/FeedRuntimeTest.kt:428:49 Unnecessary safe call on a non-null receiver of type Map<String, DataSourceDef>

> Task :app:compileDebugUnitTestJavaWithJavac NO-SOURCE
> Task :app:processDebugUnitTestJavaRes UP-TO-DATE
> Task :app:testDebugUnitTest

> Task :forge-sdk:compileReleaseUnitTestKotlin
w: file:///Users/awitas/go/src/github.com/viant/forge/android/sdk/src/test/java/com/viant/forgeandroid/runtime/ReportRuntimeStructureTest.kt:9:42 Type mismatch: inferred type is String? but String was expected

> Task :forge-sdk:compileReleaseUnitTestJavaWithJavac NO-SOURCE
> Task :forge-sdk:processReleaseUnitTestJavaRes
WARNING: A restricted method in java.lang.System has been called
WARNING: java.lang.System::load has been called by com.dokar.quickjs.Platform_jvmKt in an unnamed module (file:/Users/awitas/.gradle/caches/modules-2/files-2.1/io.github.dokar3/quickjs-kt-jvm/1.0.0-alpha13/65e5ec60f5325a50f58e4d382e2c368009e8060c/quickjs-jvm.jar)
WARNING: Use --enable-native-access=ALL-UNNAMED to avoid a warning for callers in this module
WARNING: Restricted methods will be blocked in a future release unless native access is enabled

> Task :forge-sdk:testReleaseUnitTest
> Task :forge-sdk:test

> Task :app:compileReleaseKotlin
w: file:///Users/awitas/go/src/github.com/viant/agently/android/app/src/main/java/com/viant/agently/android/ExecutionInspectorSection.kt:45:48 Unnecessary safe call on a non-null receiver of type ConversationStateResponse?
w: file:///Users/awitas/go/src/github.com/viant/agently/android/app/src/main/java/com/viant/agently/android/PhoneWorkspaceScreen.kt:82:5 Parameter 'openingConversationId' is never used
w: file:///Users/awitas/go/src/github.com/viant/agently/android/app/src/main/java/com/viant/agently/android/PhoneWorkspaceScreen.kt:95:5 Parameter 'onRefresh' is never used
w: file:///Users/awitas/go/src/github.com/viant/agently/android/app/src/main/java/com/viant/agently/android/PhoneWorkspaceScreen.kt:101:5 Parameter 'onSelectConversation' is never used
w: file:///Users/awitas/go/src/github.com/viant/agently/android/app/src/main/java/com/viant/agently/android/WorkspaceScreen.kt:81:5 Parameter 'payloadPreviews' is never used

> Task :app:compileReleaseJavaWithJavac
> Task :app:processReleaseJavaRes
> Task :app:bundleReleaseClassesToRuntimeJar
> Task :app:bundleReleaseClassesToCompileJar

> Task :app:compileReleaseUnitTestKotlin
w: file:///Users/awitas/go/src/github.com/viant/agently/android/app/src/test/java/com/viant/agently/android/FeedRuntimeTest.kt:411:40 Unnecessary safe call on a non-null receiver of type Map<String, DataSourceDef>
w: file:///Users/awitas/go/src/github.com/viant/agently/android/app/src/test/java/com/viant/agently/android/FeedRuntimeTest.kt:426:84 Unnecessary safe call on a non-null receiver of type Map<String, DataSourceDef>
w: file:///Users/awitas/go/src/github.com/viant/agently/android/app/src/test/java/com/viant/agently/android/FeedRuntimeTest.kt:427:85 Unnecessary safe call on a non-null receiver of type Map<String, DataSourceDef>
w: file:///Users/awitas/go/src/github.com/viant/agently/android/app/src/test/java/com/viant/agently/android/FeedRuntimeTest.kt:428:49 Unnecessary safe call on a non-null receiver of type Map<String, DataSourceDef>

> Task :app:compileReleaseUnitTestJavaWithJavac NO-SOURCE
> Task :app:processReleaseUnitTestJavaRes
> Task :app:testReleaseUnitTest
> Task :app:test

[Incubating] Problems report is available at: file:///Users/awitas/go/src/github.com/viant/agently/android/build/reports/problems/problems-report.html

Deprecated Gradle features were used in this build, making it incompatible with Gradle 10.

You can use '--warning-mode all' to show the individual deprecation warnings and determine if they come from your own scripts or plugins.

For more on this, please refer to https://docs.gradle.org/9.4.1/userguide/command_line_interface.html#sec:command_line_warnings in the Gradle documentation.

BUILD SUCCESSFUL in 2m 5s
128 actionable tasks: 97 executed, 31 up-to-date
