✔ shared progressive report fixtures match the web reducer (4.151084ms)
✔ validateForgeReportWorkspaceReferences gates live sources by effective-user catalog (0.590459ms)
✔ assembleForgeReportEvents progressively builds one canonical dashboard source (0.334083ms)
✔ assembleForgeReportEvents isolates instances and rejects dashboard nested targets atomically (0.206083ms)
✔ assembleForgeReportEvents supports report-document nested targets (0.14225ms)
✔ assembleForgeReportEvents rejects dangling datasources and invalid layout references (0.190958ms)
✔ assembleForgeReportEvents preserves committed sequence and compares raw replay envelopes (0.16725ms)
✔ assembleForgeReportEvents supports patch null deletion, array replacement, and explicit removal (0.220792ms)
✔ assembleForgeReportEvents applies datasource append and object patch (0.292833ms)
✔ assembleForgeReportEvents treats explicit and implicit sequence gaps identically (0.176417ms)
✔ assembleForgeReportEvents does not commit after a rejected report fragment (0.154417ms)
✔ assembleForgeReportEvents resolves targets against the prior snapshot and permits replace id reuse (0.148584ms)
✔ resetVersion advances only when replace discards interaction state (0.149291ms)
✔ assembleForgeReportEvents rejects unsafe datasource ids and authored credentials (0.159667ms)
✔ assembleForgeReportEvents rejects unknown versioned envelope fields (0.117292ms)
✔ assembleForgeReportEvents rejects unknown kinds and dangling canonical references with actionable diagnostics (0.123917ms)
✔ applyForgeDataBlocks supports replace and append (0.148334ms)
✔ planner submit payload reports selected and changed rows (0.522167ms)
✔ planner submit payload filters selected rows to workspace-declared keys (0.138625ms)
✔ validateForgeUIBlock defaults missing version to 1 (0.042ms)
✔ validateForgeUIBlock tolerates missing title and missing blocks (0.042709ms)
✔ validateForgeUIBlock still rejects a non-object payload (0.175833ms)
✔ validateForgeDataBlock defaults missing version and infers format (0.051375ms)
✔ validateForgeDataBlock still requires id (0.037625ms)
✔ rowsToCsv exports labeled recommendation rows (0.158792ms)
ℹ tests 25
ℹ suites 0
ℹ pass 25
ℹ fail 0
ℹ cancelled 0
ℹ skipped 0
ℹ todo 0
ℹ duration_ms 14.824042
