> Task :forge-sdk:checkKotlinGradlePluginConfigurationErrors
> Task :forge-sdk:preBuild UP-TO-DATE
> Task :forge-sdk:preDebugBuild UP-TO-DATE
> Task :forge-sdk:generateDebugResValues
> Task :forge-sdk:generateDebugResources
> Task :forge-sdk:packageDebugResources
> Task :forge-sdk:preDebugUnitTestBuild UP-TO-DATE
> Task :forge-sdk:javaPreCompileDebug
> Task :forge-sdk:preReleaseBuild UP-TO-DATE
> Task :forge-sdk:javaPreCompileDebugUnitTest
> Task :forge-sdk:generateReleaseResValues
> Task :forge-sdk:generateReleaseResources
> Task :forge-sdk:parseDebugLocalResources
> Task :forge-sdk:packageReleaseResources
> Task :forge-sdk:preReleaseUnitTestBuild UP-TO-DATE
> Task :forge-sdk:javaPreCompileRelease
> Task :forge-sdk:parseReleaseLocalResources
> Task :forge-sdk:javaPreCompileReleaseUnitTest
> Task :forge-sdk:generateDebugRFile
> Task :forge-sdk:generateReleaseRFile
> Task :forge-sdk:generateDebugUnitTestStubRFile
> Task :forge-sdk:generateReleaseUnitTestStubRFile
> Task :forge-sdk:compileDebugKotlin
> Task :forge-sdk:compileReleaseKotlin
w: file:///Users/awitas/go/src/github.com/viant/forge/android/sdk/src/main/java/com/viant/forgeandroid/runtime/ClientFilterRuntime.kt:36:44 Name shadowed: value
w: file:///Users/awitas/go/src/github.com/viant/forge/android/sdk/src/main/java/com/viant/forgeandroid/runtime/DashboardRuntime.kt:475:31 Unnecessary safe call on a non-null receiver of type JsonObject
w: file:///Users/awitas/go/src/github.com/viant/forge/android/sdk/src/main/java/com/viant/forgeandroid/runtime/DashboardRuntime.kt:479:45 Unnecessary safe call on a non-null receiver of type JsonObject
w: file:///Users/awitas/go/src/github.com/viant/forge/android/sdk/src/main/java/com/viant/forgeandroid/runtime/DataSourceRuntime.kt:559:89 Unchecked cast: Any? to List<Map<String, Any?>>
w: file:///Users/awitas/go/src/github.com/viant/forge/android/sdk/src/main/java/com/viant/forgeandroid/runtime/FeedDraftRuntime.kt:107:56 Unchecked cast: Any? to MutableMap<String, Any?>
w: file:///Users/awitas/go/src/github.com/viant/forge/android/sdk/src/main/java/com/viant/forgeandroid/runtime/FeedDraftRuntime.kt:108:55 Unchecked cast: Any? to MutableList<Any?>
w: file:///Users/awitas/go/src/github.com/viant/forge/android/sdk/src/main/java/com/viant/forgeandroid/runtime/FeedDraftRuntime.kt:114:40 Unchecked cast: Any? to MutableMap<String, Any?>
w: file:///Users/awitas/go/src/github.com/viant/forge/android/sdk/src/main/java/com/viant/forgeandroid/runtime/FeedDraftRuntime.kt:115:38 Unchecked cast: Any? to MutableList<Any?>
w: file:///Users/awitas/go/src/github.com/viant/forge/android/sdk/src/main/java/com/viant/forgeandroid/runtime/ForgeRuntime.kt:357:42 Parameter 'source' is never used
w: file:///Users/awitas/go/src/github.com/viant/forge/android/sdk/src/main/java/com/viant/forgeandroid/runtime/ReportBuilderOptions.kt:65:100 There is more than one label with such a name in this scope
w: file:///Users/awitas/go/src/github.com/viant/forge/android/sdk/src/main/java/com/viant/forgeandroid/runtime/ResourceModelRuntime.kt:24:48 Conditional branch result of type List<Map<String, Any?>> is implicitly cast to Any
w: file:///Users/awitas/go/src/github.com/viant/forge/android/sdk/src/main/java/com/viant/forgeandroid/runtime/ResourceModelRuntime.kt:24:120 Conditional branch result of type Map<String, Any?> is implicitly cast to Any
w: file:///Users/awitas/go/src/github.com/viant/forge/android/sdk/src/main/java/com/viant/forgeandroid/ui/ContainerRenderer.kt:340:44 Unnecessary safe call on a non-null receiver of type DataStateBoundarySpec?
w: file:///Users/awitas/go/src/github.com/viant/forge/android/sdk/src/main/java/com/viant/forgeandroid/ui/ContainerRenderer.kt:410:40 Condition 'container.stableTabs != null' is always 'false'
w: file:///Users/awitas/go/src/github.com/viant/forge/android/sdk/src/main/java/com/viant/forgeandroid/ui/ContainerRenderer.kt:425:34 Unnecessary safe call on a non-null receiver of type String
w: file:///Users/awitas/go/src/github.com/viant/forge/android/sdk/src/main/java/com/viant/forgeandroid/ui/ContainerRenderer.kt:528:17 Variable 'menuListBaseContext' is never used
w: file:///Users/awitas/go/src/github.com/viant/forge/android/sdk/src/main/java/com/viant/forgeandroid/ui/DashboardRenderer.kt:230:76 Unnecessary safe call on a non-null receiver of type String?
w: file:///Users/awitas/go/src/github.com/viant/forge/android/sdk/src/main/java/com/viant/forgeandroid/ui/DashboardRenderer.kt:1924:38 Unnecessary safe call on a non-null receiver of type DashboardFieldDef?
w: file:///Users/awitas/go/src/github.com/viant/forge/android/sdk/src/main/java/com/viant/forgeandroid/ui/DashboardRenderer.kt:1958:70 Unnecessary safe call on a non-null receiver of type DashboardFieldDef?
w: file:///Users/awitas/go/src/github.com/viant/forge/android/sdk/src/main/java/com/viant/forgeandroid/ui/DashboardRenderer.kt:2007:78 Unnecessary safe call on a non-null receiver of type DashboardFieldDef?
w: file:///Users/awitas/go/src/github.com/viant/forge/android/sdk/src/main/java/com/viant/forgeandroid/ui/DashboardRenderer.kt:2219:49 Unnecessary safe call on a non-null receiver of type DashboardFieldDef?
w: file:///Users/awitas/go/src/github.com/viant/forge/android/sdk/src/main/java/com/viant/forgeandroid/ui/DashboardRenderer.kt:3995:90 Parameter 'index' is never used
w: file:///Users/awitas/go/src/github.com/viant/forge/android/sdk/src/main/java/com/viant/forgeandroid/ui/FormRenderer.kt:812:5 Parameter 'item' is never used
w: file:///Users/awitas/go/src/github.com/viant/forge/android/sdk/src/main/java/com/viant/forgeandroid/ui/MasterDetailRenderer.kt:51:30 Unnecessary safe call on a non-null receiver of type String?
w: file:///Users/awitas/go/src/github.com/viant/forge/android/sdk/src/main/java/com/viant/forgeandroid/ui/MasterDetailRenderer.kt:55:36 Elvis operator (?:) always returns the left operand of non-nullable type Map<String, Any?>?
w: file:///Users/awitas/go/src/github.com/viant/forge/android/sdk/src/main/java/com/viant/forgeandroid/ui/NativeWidgetView.kt:156:45 'LinearProgressIndicator(Float, Modifier = ..., Color = ..., Color = ..., StrokeCap = ...): Unit' is deprecated. Use the overload that takes `progress` as a lambda
w: file:///Users/awitas/go/src/github.com/viant/forge/android/sdk/src/main/java/com/viant/forgeandroid/ui/TabsRenderer.kt:337:23 Unnecessary safe call on a non-null receiver of type TabsDef?

> Task :forge-sdk:compileDebugKotlin
w: file:///Users/awitas/go/src/github.com/viant/forge/android/sdk/src/main/java/com/viant/forgeandroid/runtime/ClientFilterRuntime.kt:36:44 Name shadowed: value
w: file:///Users/awitas/go/src/github.com/viant/forge/android/sdk/src/main/java/com/viant/forgeandroid/runtime/DashboardRuntime.kt:475:31 Unnecessary safe call on a non-null receiver of type JsonObject
w: file:///Users/awitas/go/src/github.com/viant/forge/android/sdk/src/main/java/com/viant/forgeandroid/runtime/DashboardRuntime.kt:479:45 Unnecessary safe call on a non-null receiver of type JsonObject
w: file:///Users/awitas/go/src/github.com/viant/forge/android/sdk/src/main/java/com/viant/forgeandroid/runtime/DataSourceRuntime.kt:559:89 Unchecked cast: Any? to List<Map<String, Any?>>
w: file:///Users/awitas/go/src/github.com/viant/forge/android/sdk/src/main/java/com/viant/forgeandroid/runtime/FeedDraftRuntime.kt:107:56 Unchecked cast: Any? to MutableMap<String, Any?>
w: file:///Users/awitas/go/src/github.com/viant/forge/android/sdk/src/main/java/com/viant/forgeandroid/runtime/FeedDraftRuntime.kt:108:55 Unchecked cast: Any? to MutableList<Any?>
w: file:///Users/awitas/go/src/github.com/viant/forge/android/sdk/src/main/java/com/viant/forgeandroid/runtime/FeedDraftRuntime.kt:114:40 Unchecked cast: Any? to MutableMap<String, Any?>
w: file:///Users/awitas/go/src/github.com/viant/forge/android/sdk/src/main/java/com/viant/forgeandroid/runtime/FeedDraftRuntime.kt:115:38 Unchecked cast: Any? to MutableList<Any?>
w: file:///Users/awitas/go/src/github.com/viant/forge/android/sdk/src/main/java/com/viant/forgeandroid/runtime/ForgeRuntime.kt:357:42 Parameter 'source' is never used
w: file:///Users/awitas/go/src/github.com/viant/forge/android/sdk/src/main/java/com/viant/forgeandroid/runtime/ReportBuilderOptions.kt:65:100 There is more than one label with such a name in this scope
w: file:///Users/awitas/go/src/github.com/viant/forge/android/sdk/src/main/java/com/viant/forgeandroid/runtime/ResourceModelRuntime.kt:24:48 Conditional branch result of type List<Map<String, Any?>> is implicitly cast to Any
w: file:///Users/awitas/go/src/github.com/viant/forge/android/sdk/src/main/java/com/viant/forgeandroid/runtime/ResourceModelRuntime.kt:24:120 Conditional branch result of type Map<String, Any?> is implicitly cast to Any
w: file:///Users/awitas/go/src/github.com/viant/forge/android/sdk/src/main/java/com/viant/forgeandroid/ui/ContainerRenderer.kt:340:44 Unnecessary safe call on a non-null receiver of type DataStateBoundarySpec?
w: file:///Users/awitas/go/src/github.com/viant/forge/android/sdk/src/main/java/com/viant/forgeandroid/ui/ContainerRenderer.kt:410:40 Condition 'container.stableTabs != null' is always 'false'
w: file:///Users/awitas/go/src/github.com/viant/forge/android/sdk/src/main/java/com/viant/forgeandroid/ui/ContainerRenderer.kt:425:34 Unnecessary safe call on a non-null receiver of type String
w: file:///Users/awitas/go/src/github.com/viant/forge/android/sdk/src/main/java/com/viant/forgeandroid/ui/ContainerRenderer.kt:528:17 Variable 'menuListBaseContext' is never used
w: file:///Users/awitas/go/src/github.com/viant/forge/android/sdk/src/main/java/com/viant/forgeandroid/ui/DashboardRenderer.kt:230:76 Unnecessary safe call on a non-null receiver of type String?
w: file:///Users/awitas/go/src/github.com/viant/forge/android/sdk/src/main/java/com/viant/forgeandroid/ui/DashboardRenderer.kt:1924:38 Unnecessary safe call on a non-null receiver of type DashboardFieldDef?
w: file:///Users/awitas/go/src/github.com/viant/forge/android/sdk/src/main/java/com/viant/forgeandroid/ui/DashboardRenderer.kt:1958:70 Unnecessary safe call on a non-null receiver of type DashboardFieldDef?
w: file:///Users/awitas/go/src/github.com/viant/forge/android/sdk/src/main/java/com/viant/forgeandroid/ui/DashboardRenderer.kt:2007:78 Unnecessary safe call on a non-null receiver of type DashboardFieldDef?
w: file:///Users/awitas/go/src/github.com/viant/forge/android/sdk/src/main/java/com/viant/forgeandroid/ui/DashboardRenderer.kt:2219:49 Unnecessary safe call on a non-null receiver of type DashboardFieldDef?
w: file:///Users/awitas/go/src/github.com/viant/forge/android/sdk/src/main/java/com/viant/forgeandroid/ui/DashboardRenderer.kt:3995:90 Parameter 'index' is never used
w: file:///Users/awitas/go/src/github.com/viant/forge/android/sdk/src/main/java/com/viant/forgeandroid/ui/FormRenderer.kt:812:5 Parameter 'item' is never used
w: file:///Users/awitas/go/src/github.com/viant/forge/android/sdk/src/main/java/com/viant/forgeandroid/ui/MasterDetailRenderer.kt:51:30 Unnecessary safe call on a non-null receiver of type String?
w: file:///Users/awitas/go/src/github.com/viant/forge/android/sdk/src/main/java/com/viant/forgeandroid/ui/MasterDetailRenderer.kt:55:36 Elvis operator (?:) always returns the left operand of non-nullable type Map<String, Any?>?
w: file:///Users/awitas/go/src/github.com/viant/forge/android/sdk/src/main/java/com/viant/forgeandroid/ui/NativeWidgetView.kt:156:45 'LinearProgressIndicator(Float, Modifier = ..., Color = ..., Color = ..., StrokeCap = ...): Unit' is deprecated. Use the overload that takes `progress` as a lambda
w: file:///Users/awitas/go/src/github.com/viant/forge/android/sdk/src/main/java/com/viant/forgeandroid/ui/TabsRenderer.kt:337:23 Unnecessary safe call on a non-null receiver of type TabsDef?

> Task :forge-sdk:compileReleaseJavaWithJavac NO-SOURCE
> Task :forge-sdk:processReleaseJavaRes
> Task :forge-sdk:compileDebugJavaWithJavac NO-SOURCE
> Task :forge-sdk:processDebugJavaRes
> Task :forge-sdk:bundleLibCompileToJarRelease
> Task :forge-sdk:bundleLibRuntimeToJarRelease
> Task :forge-sdk:bundleLibRuntimeToJarDebug
> Task :forge-sdk:bundleLibCompileToJarDebug

> Task :forge-sdk:compileReleaseUnitTestKotlin
w: file:///Users/awitas/go/src/github.com/viant/forge/android/sdk/src/test/java/com/viant/forgeandroid/runtime/ReportRuntimeStructureTest.kt:9:42 Type mismatch: inferred type is String? but String was expected

> Task :forge-sdk:compileReleaseUnitTestJavaWithJavac NO-SOURCE
> Task :forge-sdk:processReleaseUnitTestJavaRes

> Task :forge-sdk:compileDebugUnitTestKotlin
w: file:///Users/awitas/go/src/github.com/viant/forge/android/sdk/src/test/java/com/viant/forgeandroid/runtime/ReportRuntimeStructureTest.kt:9:42 Type mismatch: inferred type is String? but String was expected
WARNING: A restricted method in java.lang.System has been called
WARNING: java.lang.System::load has been called by com.dokar.quickjs.Platform_jvmKt in an unnamed module (file:/Users/awitas/.gradle/caches/modules-2/files-2.1/io.github.dokar3/quickjs-kt-jvm/1.0.0-alpha13/65e5ec60f5325a50f58e4d382e2c368009e8060c/quickjs-jvm.jar)
WARNING: Use --enable-native-access=ALL-UNNAMED to avoid a warning for callers in this module
WARNING: Restricted methods will be blocked in a future release unless native access is enabled


> Task :forge-sdk:testReleaseUnitTest
> Task :forge-sdk:compileDebugUnitTestJavaWithJavac NO-SOURCE
> Task :forge-sdk:processDebugUnitTestJavaRes
WARNING: A restricted method in java.lang.System has been called
WARNING: java.lang.System::load has been called by com.dokar.quickjs.Platform_jvmKt in an unnamed module (file:/Users/awitas/.gradle/caches/modules-2/files-2.1/io.github.dokar3/quickjs-kt-jvm/1.0.0-alpha13/65e5ec60f5325a50f58e4d382e2c368009e8060c/quickjs-jvm.jar)
WARNING: Use --enable-native-access=ALL-UNNAMED to avoid a warning for callers in this module
WARNING: Restricted methods will be blocked in a future release unless native access is enabled

> Task :forge-sdk:testDebugUnitTest

[Incubating] Problems report is available at: file:///Users/awitas/go/src/github.com/viant/agently/android/build/reports/problems/problems-report.html

Deprecated Gradle features were used in this build, making it incompatible with Gradle 10.

You can use '--warning-mode all' to show the individual deprecation warnings and determine if they come from your own scripts or plugins.

For more on this, please refer to https://docs.gradle.org/9.4.1/userguide/command_line_interface.html#sec:command_line_warnings in the Gradle documentation.

BUILD SUCCESSFUL in 1m 37s
31 actionable tasks: 31 executed
