[33mThe CJS build of Vite's Node API is deprecated. See https://vite.dev/guide/troubleshooting.html#vite-cjs-node-api-deprecated for more details.[39m

 RUN  v2.1.9 /Users/awitas/go/src/github.com/viant/forge

 ❯ src/components/WindowContent.test.jsx (39 tests | 3 failed) 20ms
   × resolveDataSourceOptions > maps live datasource rows into select options 5ms
     → expected [ { value: 'Category A', …(2) }, …(1) ] to deeply equal [ { value: 'Category A', …(1) }, …(1) ]
   × resolveDataSourceOptions > adds a dictionary identifier to the display label without changing the stored value 1ms
     → expected [ { value: 'Category B', …(3) } ] to deeply equal [ { value: 'Category B', …(2) } ]
   × resolveDataSourceOptions > filters datasource options from a reactive form selector 0ms
     → expected [ { value: 'age:5', …(2) } ] to deeply equal [ { value: 'age:5', label: '18-24' } ]

⎯⎯⎯⎯⎯⎯⎯ Failed Tests 3 ⎯⎯⎯⎯⎯⎯⎯

 FAIL  src/components/WindowContent.test.jsx > resolveDataSourceOptions > maps live datasource rows into select options
AssertionError: expected [ { value: 'Category A', …(2) }, …(1) ] to deeply equal [ { value: 'Category A', …(1) }, …(1) ]

- Expected
+ Received

  Array [
    Object {
+     "disabled": false,
      "label": "Category A",
      "value": "Category A",
    },
    Object {
+     "disabled": false,
      "label": "Category B",
      "value": "Category B",
    },
  ]

 ❯ src/components/WindowContent.test.jsx:263:18
    261|       optionLabelField: 'caption',
    262|       optionValueField: 'caption',
    263|     }, context)).toEqual([
       |                  ^
    264|       { value: 'Category A', label: 'Category A' },
    265|       { value: 'Category B', label: 'Category B' },

⎯⎯⎯⎯⎯⎯⎯⎯⎯⎯⎯⎯⎯⎯⎯⎯⎯⎯⎯⎯⎯⎯⎯⎯[1/3]⎯

 FAIL  src/components/WindowContent.test.jsx > resolveDataSourceOptions > adds a dictionary identifier to the display label without changing the stored value
AssertionError: expected [ { value: 'Category B', …(3) } ] to deeply equal [ { value: 'Category B', …(2) } ]

- Expected
+ Received

  Array [
    Object {
+     "disabled": false,
      "label": "Category B (2)",
      "secondary": 2,
      "value": "Category B",
    },
  ]

 ❯ src/components/WindowContent.test.jsx:283:18
    281|       optionValueField: 'caption',
    282|       optionSecondaryField: 'id',
    283|     }, context)).toEqual([
       |                  ^
    284|       { value: 'Category B', label: 'Category B (2)', secondary: 2 },
    285|     ]);

⎯⎯⎯⎯⎯⎯⎯⎯⎯⎯⎯⎯⎯⎯⎯⎯⎯⎯⎯⎯⎯⎯⎯⎯[2/3]⎯

 FAIL  src/components/WindowContent.test.jsx > resolveDataSourceOptions > filters datasource options from a reactive form selector
AssertionError: expected [ { value: 'age:5', …(2) } ] to deeply equal [ { value: 'age:5', label: '18-24' } ]

- Expected
+ Received

  Array [
    Object {
+     "disabled": false,
      "label": "18-24",
      "value": "age:5",
    },
  ]

 ❯ src/components/WindowContent.test.jsx:306:18
    304|       optionValueField: 'value',
    305|       optionFilter: { field: 'group', source: 'form', selector: 'group…
    306|     }, context)).toEqual([{ value: 'age:5', label: '18-24' }]);
       |                  ^
    307|   });
    308| 

⎯⎯⎯⎯⎯⎯⎯⎯⎯⎯⎯⎯⎯⎯⎯⎯⎯⎯⎯⎯⎯⎯⎯⎯[3/3]⎯

 Test Files  1 failed (1)
      Tests  3 failed | 36 passed (39)
   Start at  07:28:04
   Duration  11.29s (transform 2.03s, setup 0ms, collect 10.39s, tests 20ms, environment 0ms, prepare 105ms)

