
> agently-v1-ui@0.1.0 build
> vite build

vite v6.4.3 building for production...
transforming...
✓ 14219 modules transformed.
rendering chunks...
computing gzip size...
dist/index.html                                     0.77 kB │ gzip:   0.39 kB
dist/assets/blueprint-icons-16-kcB9TJr_.woff2      51.22 kB
dist/assets/blueprint-icons-20-Dac7n24z.woff2      52.65 kB
dist/assets/blueprint-icons-16-CHvfgtsO.woff       65.71 kB
dist/assets/blueprint-icons-20-CX1_Kxx1.woff       67.98 kB
dist/assets/blueprint-icons-16-C7xVMXAN.ttf       143.00 kB
dist/assets/blueprint-icons-16-D55Dw6Gs.eot       143.21 kB
dist/assets/blueprint-icons-20-CqbLMW_C.ttf       146.04 kB
dist/assets/blueprint-icons-20-BYOQY6EV.eot       146.25 kB
dist/assets/blueprint-icons-16-BquMfDVO.svg       474.23 kB │ gzip: 142.93 kB
dist/assets/blueprint-icons-20-BvpPggj0.svg       517.09 kB │ gzip: 150.61 kB
dist/assets/forge-reporting-ByJw01n7.css          175.18 kB │ gzip:  26.86 kB
dist/assets/index-8d-YQyfk.css                    729.90 kB │ gzip:  90.18 kB
dist/assets/allPaths-Zl8jE10I.js                    0.33 kB │ gzip:   0.24 kB
dist/assets/splitPathsBySizeLoader-DNU9HN5k.js      0.36 kB │ gzip:   0.26 kB
dist/assets/allPathsLoader-bOqWYzmY.js              0.44 kB │ gzip:   0.26 kB
dist/assets/splitPathsBySizeLoader-BJzcPEMl.js      0.51 kB │ gzip:   0.28 kB
dist/assets/allPathsLoader-CVi3w_S0.js              0.60 kB │ gzip:   0.33 kB
dist/assets/callbackService-Bbd9TB9t.js             1.41 kB │ gzip:   0.71 kB
dist/assets/katex-BCQWePm_.js                     261.33 kB │ gzip:  77.22 kB
dist/assets/index-Bck4KEe_.js                     290.69 kB │ gzip:  98.73 kB
dist/assets/index-W58HgMhY.js                     299.58 kB │ gzip: 101.30 kB
dist/assets/cynefin-OW5HDTMX-BWFZSN0Y.js          582.19 kB │ gzip: 159.03 kB
dist/assets/code-editor-D9fAjwuz.js               982.23 kB │ gzip: 353.99 kB
dist/assets/index-BxTxx3Tt.js                   2,139.85 kB │ gzip: 603.48 kB
dist/assets/mermaid-DZTYO0TI.js                 3,205.93 kB │ gzip: 871.80 kB
dist/assets/forge-reporting-B5D2DIbJ.js         3,664.85 kB │ gzip: 958.34 kB

(!) Some chunks are larger than 1200 kB after minification. Consider:
- Using dynamic import() to code-split the application
- Use build.rollupOptions.output.manualChunks to improve chunking: https://rollupjs.org/configuration-options/#output-manualchunks
- Adjust chunk size limit for this warning via build.chunkSizeWarningLimit.
✓ built in 16.59s
npm notice
npm notice New major version of npm available! 11.19.1 -> 12.2.0
npm notice Changelog: https://github.com/npm/cli/releases/tag/v12.2.0
npm notice To update run: npm install -g npm@12.2.0
npm notice
