=== RUN   TestSchedulerLeaseMySQLIndependentHosts
=== RUN   TestSchedulerLeaseMySQLIndependentHosts/schedule
=== RUN   TestSchedulerLeaseMySQLIndependentHosts/run
--- PASS: TestSchedulerLeaseMySQLIndependentHosts (2.59s)
    --- PASS: TestSchedulerLeaseMySQLIndependentHosts/schedule (0.21s)
    --- PASS: TestSchedulerLeaseMySQLIndependentHosts/run (0.26s)
=== RUN   TestSchedulerLeaseMySQLIndependentHosts
=== RUN   TestSchedulerLeaseMySQLIndependentHosts/schedule
=== RUN   TestSchedulerLeaseMySQLIndependentHosts/run
--- PASS: TestSchedulerLeaseMySQLIndependentHosts (2.55s)
    --- PASS: TestSchedulerLeaseMySQLIndependentHosts/schedule (0.20s)
    --- PASS: TestSchedulerLeaseMySQLIndependentHosts/run (0.24s)
=== RUN   TestSchedulerLeaseMySQLIndependentHosts
=== RUN   TestSchedulerLeaseMySQLIndependentHosts/schedule
=== RUN   TestSchedulerLeaseMySQLIndependentHosts/run
--- PASS: TestSchedulerLeaseMySQLIndependentHosts (2.64s)
    --- PASS: TestSchedulerLeaseMySQLIndependentHosts/schedule (0.21s)
    --- PASS: TestSchedulerLeaseMySQLIndependentHosts/run (0.25s)
=== RUN   TestSchedulerLeaseMySQLIndependentHosts
=== RUN   TestSchedulerLeaseMySQLIndependentHosts/schedule
=== RUN   TestSchedulerLeaseMySQLIndependentHosts/run
--- PASS: TestSchedulerLeaseMySQLIndependentHosts (2.57s)
    --- PASS: TestSchedulerLeaseMySQLIndependentHosts/schedule (0.19s)
    --- PASS: TestSchedulerLeaseMySQLIndependentHosts/run (0.24s)
=== RUN   TestSchedulerLeaseMySQLIndependentHosts
=== RUN   TestSchedulerLeaseMySQLIndependentHosts/schedule
=== RUN   TestSchedulerLeaseMySQLIndependentHosts/run
--- PASS: TestSchedulerLeaseMySQLIndependentHosts (2.59s)
    --- PASS: TestSchedulerLeaseMySQLIndependentHosts/schedule (0.20s)
    --- PASS: TestSchedulerLeaseMySQLIndependentHosts/run (0.24s)
PASS
ok  	github.com/viant/agently-core/service/scheduler	14.376s
