[[33mrun[0m[7m[33m[transcribe][0m[0m                                                                                              [1mexec.run[0m]
[[33mrun[0m[7m[33m[transcribe][0m[0m[38;5;236mexec.run[0m @localhost                                                                              [1mstdin[0m]
[34mcd /Users/awitas/go/src/github.com/viant/agently-core-v1[0m
[[33mrun[0m[7m[33m[transcribe][0m[0m[38;5;236mexec.run[0m @localhost                                                                             [1mstdout[0m]
[32m[0m
[[33mrun[0m[7m[33m[transcribe][0m[0m[38;5;236mexec.run[0m @localhost                                                                              [1mstdin[0m]
[34menv GOWORK=off python3 scripts/datly/build_transcriber.py[0m
[34menv GOWORK=off python3 scripts/datly/transcribe.py[0m
[[33mrun[0m[7m[33m[transcribe][0m[0m[38;5;236mexec.run[0m @localhost                                                                             [1mstdout[0m]
[32minitialized disposable Agently discovery schema
[0m[[33mrun[0m[7m[33m[transcribe][0m[0m[38;5;236mexec.run[0m @localhost                                                                             [1mstdout[0m]
[32mget dql/conversation/read/reader.dql
[0m[32mpatch dql/conversation/write/writer.dql
[0m[32mget dql/generatedfile/read/reader.dql
[0m[32mpatch dql/generatedfile/write/writer.dql
[0m[32mget dql/goal/read/reader.dql
[0m[32mpatch dql/goal/write/writer.dql
[0m[32mget dql/investigation/read/reader.dql
[0m[32mpatch dql/investigation/write/writer.dql
[0m[32mget dql/legacyrun/read/reader.dql
[0m[32mpatch dql/legacyrun/write/writer.dql
[0m[32mget dql/maintenancelease/read/reader.dql
[0m[32mpatch dql/maintenancelease/write/writer.dql
[0m[32mget dql/message/cube/reader.dql
[0m[32mget dql/message/read/reader.dql
[0m[32mpatch dql/message/write/writer.dql
[0m[32mget dql/modelcall/cube/reader.dql
[0m[32mget dql/modelcall/read/reader.dql
[0m[32mpatch dql/modelcall/write/writer.dql
[0m[32mget dql/oauth/linkstate/read/reader.dql
[0m[32mpatch dql/oauth/linkstate/write/write.dql
[0m[32mget dql/oauth/token/read/reader.dql
[0m[32mpatch dql/oauth/token/write/writer.dql
[0m[32mget dql/orphanmaintenance/read/reader.dql
[0m[32mget dql/payload/read/reader.dql
[0m[32mget dql/payload/reference/reader.dql
[0m[32mpatch dql/payload/write/writer.dql
[0m[32mget dql/reporting/artifact/read/reader.dql
[0m[32mpatch dql/reporting/artifact/write/writer.dql
[0m[32mget dql/reporting/audit/read/reader.dql
[0m[32mpatch dql/reporting/audit/write/writer.dql
[0m[32mget dql/reporting/context/read/reader.dql
[0m[32mpatch dql/reporting/context/write/writer.dql
[0m[32mget dql/reporting/job/read/reader.dql
[0m[32mpatch dql/reporting/job/write/writer.dql
[0m[32mget dql/reporting/run/read/reader.dql
[0m[32mpatch dql/reporting/run/write/writer.dql
[0m[32mget dql/reporting/sharedartifact/read/reader.dql
[0m[32mpatch dql/reporting/sharedartifact/write/writer.dql
[0m[32mget dql/run/cube/reader.dql
[0m[32mget dql/run/read/reader.dql
[0m[32mpatch dql/run/write/writer.dql
[0m[32mget dql/runsteps/read/reader.dql
[0m[32mget dql/schedule/read/reader.dql
[0m[32mpatch dql/schedule/write/writer.dql
[0m[32mget dql/session/read/reader.dql
[0m[32mpatch dql/session/write/writer.dql
[0m[32mget dql/terminalartifact/snapshot/read/reader.dql
[0m[32mget dql/toolapprovalqueue/cube/reader.dql
[0m[32mget dql/toolapprovalqueue/read/reader.dql
[0m[32mpatch dql/toolapprovalqueue/write/writer.dql
[0m[32mget dql/toolcall/cube/reader.dql
[0m[32mget dql/toolcall/read/reader.dql
[0m[32mpatch dql/toolcall/write/writer.dql
[0m[32mget dql/toolexecutionclaim/read/reader.dql
[0m[32mpatch dql/toolexecutionclaim/write/writer.dql
[0m[32mget dql/turn/cube/reader.dql
[0m[32mget dql/turn/read/reader.dql
[0m[32mpatch dql/turn/write/writer.dql
[0m[32mget dql/turnqueue/read/reader.dql
[0m[32mpatch dql/turnqueue/write/writer.dql
[0m[32mget dql/user/read/reader.dql
[0m[32mpatch dql/user/write/writer.dql
[0m[32mTranscribed 62/62 contracts
[0m[[33mrun[0m[7m[33m[regeneration][0m[0m                                                                                            [1mexec.run[0m]
[[33mrun[0m[7m[33m[regeneration][0m[0m[38;5;236mexec.run[0m @localhost                                                                            [1mstdin[0m]
[34mpython3 scripts/datly/verify_regeneration.py[0m
[[33mrun[0m[7m[33m[regeneration][0m[0m[38;5;236mexec.run[0m @localhost                                                                           [1mstdout[0m]
[32minitialized disposable Agently discovery schema
[0m[32mget dql/conversation/read/reader.dql
[0m[32mpatch dql/conversation/write/writer.dql
[0m[32mget dql/generatedfile/read/reader.dql
[0m[32mpatch dql/generatedfile/write/writer.dql
[0m[32mget dql/goal/read/reader.dql
[0m[32mpatch dql/goal/write/writer.dql
[0m[32mget dql/investigation/read/reader.dql
[0m[32mpatch dql/investigation/write/writer.dql
[0m[32mget dql/legacyrun/read/reader.dql
[0m[32mpatch dql/legacyrun/write/writer.dql
[0m[32mget dql/maintenancelease/read/reader.dql
[0m[32mpatch dql/maintenancelease/write/writer.dql
[0m[32mget dql/message/cube/reader.dql
[0m[32mget dql/message/read/reader.dql
[0m[32mpatch dql/message/write/writer.dql
[0m[32mget dql/modelcall/cube/reader.dql
[0m[32mget dql/modelcall/read/reader.dql
[0m[32mpatch dql/modelcall/write/writer.dql
[0m[32mget dql/oauth/linkstate/read/reader.dql
[0m[32mpatch dql/oauth/linkstate/write/write.dql
[0m[32mget dql/oauth/token/read/reader.dql
[0m[32mpatch dql/oauth/token/write/writer.dql
[0m[32mget dql/orphanmaintenance/read/reader.dql
[0m[32mget dql/payload/read/reader.dql
[0m[32mget dql/payload/reference/reader.dql
[0m[32mpatch dql/payload/write/writer.dql
[0m[32mget dql/reporting/artifact/read/reader.dql
[0m[32mpatch dql/reporting/artifact/write/writer.dql
[0m[32mget dql/reporting/audit/read/reader.dql
[0m[32mpatch dql/reporting/audit/write/writer.dql
[0m[32mget dql/reporting/context/read/reader.dql
[0m[32mpatch dql/reporting/context/write/writer.dql
[0m[32mget dql/reporting/job/read/reader.dql
[0m[32mpatch dql/reporting/job/write/writer.dql
[0m[32mget dql/reporting/run/read/reader.dql
[0m[32mpatch dql/reporting/run/write/writer.dql
[0m[32mget dql/reporting/sharedartifact/read/reader.dql
[0m[32mpatch dql/reporting/sharedartifact/write/writer.dql
[0m[32mget dql/run/cube/reader.dql
[0m[32mget dql/run/read/reader.dql
[0m[32mpatch dql/run/write/writer.dql
[0m[32mget dql/runsteps/read/reader.dql
[0m[32mget dql/schedule/read/reader.dql
[0m[32mpatch dql/schedule/write/writer.dql
[0m[32mget dql/session/read/reader.dql
[0m[32mpatch dql/session/write/writer.dql
[0m[32mget dql/terminalartifact/snapshot/read/reader.dql
[0m[32mget dql/toolapprovalqueue/cube/reader.dql
[0m[32mget dql/toolapprovalqueue/read/reader.dql
[0m[32mpatch dql/toolapprovalqueue/write/writer.dql
[0m[32mget dql/toolcall/cube/reader.dql
[0m[32mget dql/toolcall/read/reader.dql
[0m[32mpatch dql/toolcall/write/writer.dql
[0m[32mget dql/toolexecutionclaim/read/reader.dql
[0m[32mpatch dql/toolexecutionclaim/write/writer.dql
[0m[32mget dql/turn/cube/reader.dql
[0m[32mget dql/turn/read/reader.dql
[0m[32mpatch dql/turn/write/writer.dql
[0m[32mget dql/turnqueue/read/reader.dql
[0m[32mpatch dql/turnqueue/write/writer.dql
[0m[32mget dql/user/read/reader.dql
[0m[32mpatch dql/user/write/writer.dql
[0m[32mTranscribed 62/62 contracts
[0m[32mRegeneration preserved 823 artifacts, including authored lifecycle hooks
[0m[[33mrun[0m[7m[33m[verify][0m[0m                                                                                                  [1mexec.run[0m]
[[33mrun[0m[7m[33m[verify][0m[0m[38;5;236mexec.run[0m @localhost                                                                                  [1mstdin[0m]
[34mpython3 scripts/datly/check_contracts.py[0m
[[33mrun[0m[7m[33m[verify][0m[0m[38;5;236mexec.run[0m @localhost                                                                                 [1mstdout[0m]
[32mNative boundary passed: native artifact roles and business hooks only; no legacy APIs or direct product SQL; byte ownership checked separately by regeneration
[0m[[33mrun[0m[7m[33m[verify][0m[0m[38;5;236mexec.run[0m @localhost                                                                                  [1mstdin[0m]
[34menv GOWORK=off go test -count=1 ./internal/datly/contracttest ./internal/store/... ./app/store/native -run '.'[0m
[[33mrun[0m[7m[33m[verify][0m[0m[38;5;236mexec.run[0m @localhost                                                                                 [1mstdout[0m]
[32mok  	github.com/viant/agently-core/internal/datly/contracttest	346.353s
?   	github.com/viant/agently-core/internal/store/agentrun	[no test files]
?   	github.com/viant/agently-core/internal/store/conversation	[no test files]
[0m[32m?   	github.com/viant/agently-core/internal/store/conversationmaintenance	[no test files]
?   	github.com/viant/agently-core/internal/store/conversationtree	[no test files]
?   	github.com/viant/agently-core/internal/store/maintenancelease	[no test files]
?   	github.com/viant/agently-core/internal/store/oauthlinkstate	[no test files]
ok  	github.com/viant/agently-core/internal/store/orphanmaintenance	0.459s
?   	github.com/viant/agently-core/internal/store/queuereorder	[no test files]
?   	github.com/viant/agently-core/internal/store/reportaudit	[no test files]
?   	github.com/viant/agently-core/internal/store/reporting/adoption	[no test files]
?   	github.com/viant/agently-core/internal/store/reporting/context	[no test files]
?   	github.com/viant/agently-core/internal/store/reporting/exportcomplete	[no test files]
?   	github.com/viant/agently-core/internal/store/reporting/exportsubmit	[no test files]
?   	github.com/viant/agently-core/internal/store/reporting/run	[no test files]
?   	github.com/viant/agently-core/internal/store/reporting/sharedartifact	[no test files]
?   	github.com/viant/agently-core/internal/store/runsteps	[no test files]
[0m[32mok  	github.com/viant/agently-core/internal/store/scheduledelete	0.717s
?   	github.com/viant/agently-core/internal/store/scheduledmaintenance	[no test files]
?   	github.com/viant/agently-core/internal/store/schedulerlease	[no test files]
[0m[32m?   	github.com/viant/agently-core/internal/store/schedulerstore	[no test files]
?   	github.com/viant/agently-core/internal/store/technicalmaintenance	[no test files]
?   	github.com/viant/agently-core/internal/store/terminalartifact	[no test files]
?   	github.com/viant/agently-core/internal/store/toolexecutionclaim	[no test files]
?   	github.com/viant/agently-core/internal/store/turnqueue	[no test files]
[0m[32mok  	github.com/viant/agently-core/app/store/native	363.568s
[0m[[33mrun[0m[7m[33m[build][0m[0m                                                                                                   [1mexec.run[0m]
[[33mrun[0m[7m[33m[build][0m[0m[38;5;236mexec.run[0m @localhost                                                                                   [1mstdin[0m]
[34menv GOWORK=off go build -o bin/agently-datly ./cmd/datly[0m
[STATUS: [32mSUCCESS[0m                                                                                    [1melapsed: 526559 ms[0m]
