> Task :checkKotlinGradlePluginConfigurationErrors
> Task :preBuild UP-TO-DATE
> Task :preDebugBuild UP-TO-DATE
> Task :generateDebugResValues
> Task :generateDebugResources
> Task :packageDebugResources
> Task :preDebugUnitTestBuild UP-TO-DATE
> Task :javaPreCompileDebugUnitTest
> Task :javaPreCompileDebug
> Task :parseDebugLocalResources
> Task :generateDebugRFile
> Task :generateDebugUnitTestStubRFile
> Task :compileDebugKotlin
> Task :compileDebugJavaWithJavac NO-SOURCE
> Task :processDebugJavaRes
> Task :bundleLibRuntimeToJarDebug
> Task :bundleLibCompileToJarDebug
> Task :compileDebugUnitTestKotlin
> Task :compileDebugUnitTestJavaWithJavac NO-SOURCE
> Task :processDebugUnitTestJavaRes
> Task :testDebugUnitTest

[Incubating] Problems report is available at: file:///Users/awitas/go/src/github.com/viant/agently-core-v1/sdk/android/build/reports/problems/problems-report.html

Deprecated Gradle features were used in this build, making it incompatible with Gradle 10.

You can use '--warning-mode all' to show the individual deprecation warnings and determine if they come from your own scripts or plugins.

For more on this, please refer to https://docs.gradle.org/9.4.1/userguide/command_line_interface.html#sec:command_line_warnings in the Gradle documentation.

BUILD SUCCESSFUL in 1m 14s
16 actionable tasks: 16 executed
Consider enabling configuration cache to speed up this build: https://docs.gradle.org/9.4.1/userguide/configuration_cache_enabling.html
