
> agently-core-ui-sdk@0.1.0 test
> vitest run


 RUN  v2.1.9 /Users/awitas/go/src/github.com/viant/agently-core-v1/sdk/ts

 ✓ src/__tests__/workspaceRestore.test.ts (11 tests) 5ms
 ✓ src/__tests__/interpret.test.ts (39 tests) 6ms
 ✓ src/__tests__/chatStore.identity.test.ts (32 tests) 5ms
 ✓ src/__tests__/reconcile.test.ts (25 tests) 5ms
 ✓ src/__tests__/chatStore.reducer.test.ts (51 tests) 14ms
 ✓ src/__tests__/client.test.ts (107 tests) 18ms
 ✓ src/__tests__/chatStore.projector.test.ts (24 tests) 9ms
 ✓ src/__tests__/conversationStream.test.ts (22 tests) 18ms
 ✓ src/__tests__/executionGroups.test.ts (15 tests) 6ms
 ✓ src/__tests__/approval.test.ts (4 tests) 3ms
 ✓ src/__tests__/linkedConversations.test.ts (4 tests) 4ms
 ✓ src/__tests__/turnPresentation.test.ts (9 tests) 4ms
 ✓ src/__tests__/ordering.test.ts (7 tests) 2ms
 ✓ src/__tests__/streamEventMeta.test.ts (4 tests) 28ms
 ✓ src/__tests__/descriptors.test.ts (7 tests) 10ms
 ✓ src/applicationContract.test.ts (4 tests) 277ms
 ✓ src/__tests__/skillEvents.test.ts (2 tests) 17ms
 ✓ src/reportingApplicationContract.test.ts (1 test) 328ms
   ✓ actual public reporting/export/audit/queue SDK > uses typed report lifecycle and reporting/queue SDK methods 327ms
 ✓ src/__tests__/streamIdentity.test.ts (4 tests) 2ms
 ✓ src/__tests__/apiBoundary.test.ts (5 tests) 2ms
 ✓ src/__tests__/chatStore.lifecycle.test.ts (4 tests) 2ms
 ✓ src/fetchEventSource.test.ts (2 tests) 122ms
 ✓ src/__tests__/parseFences.test.ts (4 tests) 71ms
 ✓ src/__tests__/workspaceStyles.test.ts (2 tests) 9ms
 ✓ src/__tests__/workspaceAttachments.test.ts (1 test) 13ms
 ✓ src/__tests__/elicitationMarkdown.test.ts (3 tests) 2ms
 ✓ src/wireDTO.test.ts (2 tests) 2ms
 ✓ src/__tests__/turnPresentation.fixtures.test.ts (8 tests) 3ms
 ✓ src/__tests__/conversationStatus.test.ts (3 tests) 1ms
 ✓ src/feedPatch.test.ts (2 tests) 2ms
 ✓ src/__tests__/narrationBubble.test.ts (2 tests) 1ms
 ✓ src/__tests__/entityChip.test.ts (1 test) 2ms
 ✓ src/feedTracker.test.ts (1 test) 2ms
 ✓ src/__tests__/oobLoginInput.test.ts (1 test) 1ms

 Test Files  34 passed (34)
      Tests  413 passed (413)
   Start at  15:04:45
   Duration  4.12s (transform 1.31s, setup 0ms, collect 3.62s, tests 998ms, environment 5ms, prepare 5.25s)

