
 RUN  v2.1.9 /Users/awitas/go/src/github.com/viant/agently-core-v1/sdk/ts

 ✓ src/__tests__/workspaceRestore.test.ts (11 tests) 5ms
 ✓ src/__tests__/interpret.test.ts (39 tests) 4ms
 ✓ src/__tests__/chatStore.identity.test.ts (32 tests) 5ms
 ✓ src/__tests__/chatStore.reducer.test.ts (51 tests) 14ms
 ✓ src/__tests__/reconcile.test.ts (25 tests) 5ms
 ✓ src/__tests__/chatStore.projector.test.ts (24 tests) 8ms
 ✓ src/__tests__/client.test.ts (107 tests) 20ms
 ✓ src/__tests__/conversationStream.test.ts (22 tests) 17ms
 ✓ src/__tests__/executionGroups.test.ts (15 tests) 7ms
 ✓ src/__tests__/linkedConversations.test.ts (4 tests) 4ms
 ✓ src/__tests__/turnPresentation.test.ts (9 tests) 3ms
 ✓ src/__tests__/approval.test.ts (4 tests) 3ms
 ✓ src/__tests__/ordering.test.ts (7 tests) 2ms
 ✓ src/__tests__/streamEventMeta.test.ts (4 tests) 2ms
 ✓ src/__tests__/descriptors.test.ts (7 tests) 4ms
 ✓ src/__tests__/skillEvents.test.ts (2 tests) 2ms
 ✓ src/__tests__/apiBoundary.test.ts (5 tests) 2ms
 ✓ src/__tests__/streamIdentity.test.ts (4 tests) 2ms
 ✓ src/__tests__/chatStore.lifecycle.test.ts (4 tests) 2ms
 ✓ src/__tests__/workspaceStyles.test.ts (2 tests) 5ms
 ✓ src/__tests__/parseFences.test.ts (4 tests) 3ms
 ✓ src/__tests__/elicitationMarkdown.test.ts (3 tests) 2ms
 ✓ src/__tests__/workspaceAttachments.test.ts (1 test) 11ms
 ✓ src/__tests__/turnPresentation.fixtures.test.ts (8 tests) 4ms
 ✓ src/feedPatch.test.ts (2 tests) 2ms
 ✓ src/__tests__/narrationBubble.test.ts (2 tests) 2ms
 ✓ src/__tests__/conversationStatus.test.ts (3 tests) 1ms
 ✓ src/feedTracker.test.ts (1 test) 2ms
 ✓ src/__tests__/entityChip.test.ts (1 test) 2ms
 ✓ src/__tests__/oobLoginInput.test.ts (1 test) 1ms

 Test Files  30 passed (30)
      Tests  404 passed (404)
   Start at  07:18:47
   Duration  1.79s (transform 807ms, setup 0ms, collect 1.74s, tests 147ms, environment 4ms, prepare 2.69s)

